\BOOKMARK [0][-]{chapter.1}{\376\377\000C\000a\000p\000i\000t\000o\000l\000u\000l\000\040\000I\000n\000t\000r\000o\000d\000u\000c\000e\000r\000e}{}% 1
\BOOKMARK [1][-]{section.1.1}{\376\377\000C\000o\000n\000t\000e\000x\000t\000\040\002\031\000i\000\040\000m\000o\000t\000i\000v\000a\002\033\000i\000e}{chapter.1}% 2
\BOOKMARK [1][-]{section.1.2}{\376\377\000D\000o\000m\000e\000n\000i\000u\000l\000\040\002\031\000i\000\040\000d\000e\000l\000i\000m\000i\000t\000a\000r\000e\000a\000\040\000t\000e\000m\000e\000i}{chapter.1}% 3
\BOOKMARK [1][-]{section.1.3}{\376\377\000S\000o\000l\000u\002\033\000i\000a\000\040\000p\000r\000o\000p\000u\000s\001\003\000\040\002\031\000i\000\040\000c\000o\000n\000t\000r\000i\000b\000u\002\033\000i\000i}{chapter.1}% 4
\BOOKMARK [1][-]{section.1.4}{\376\377\000A\000r\000h\000i\000t\000e\000c\000t\000u\000r\001\003\000\040\000c\000o\000l\000a\000b\000o\000r\000a\000t\000i\000v\001\003}{chapter.1}% 5
\BOOKMARK [0][-]{chapter.2}{\376\377\000C\000a\000p\000i\000t\000o\000l\000u\000l\000\040\000O\000b\000i\000e\000c\000t\000i\000v\000e\000l\000e\000\040\000p\000r\000o\000i\000e\000c\000t\000u\000l\000u\000i}{}% 6
\BOOKMARK [1][-]{section.2.1}{\376\377\000I\000n\000t\000r\000o\000d\000u\000c\000e\000r\000e}{chapter.2}% 7
\BOOKMARK [1][-]{section.2.2}{\376\377\000O\000b\000i\000e\000c\000t\000i\000v\000u\000l\000\040\000g\000e\000n\000e\000r\000a\000l}{chapter.2}% 8
\BOOKMARK [1][-]{section.2.3}{\376\377\000O\000b\000i\000e\000c\000t\000i\000v\000e\000\040\000p\000r\000i\000n\000c\000i\000p\000a\000l\000e}{chapter.2}% 9
\BOOKMARK [1][-]{section.2.4}{\376\377\000O\000b\000i\000e\000c\000t\000i\000v\000e\000\040\000s\000e\000c\000u\000n\000d\000a\000r\000e}{chapter.2}% 10
\BOOKMARK [1][-]{section.2.5}{\376\377\000C\000e\000r\000i\000n\002\033\000e\000\040\000f\000u\000n\000c\002\033\000i\000o\000n\000a\000l\000e\000\040\002\031\000i\000\040\000n\000o\000n\000-\000f\000u\000n\000c\002\033\000i\000o\000n\000a\000l\000e}{chapter.2}% 11
\BOOKMARK [2][-]{subsection.2.5.1}{\376\377\000C\000e\000r\000i\000n\002\033\000e\000\040\000f\000u\000n\000c\002\033\000i\000o\000n\000a\000l\000e}{section.2.5}% 12
\BOOKMARK [2][-]{subsection.2.5.2}{\376\377\000C\000e\000r\000i\000n\002\033\000e\000\040\000n\000o\000n\000-\000f\000u\000n\000c\002\033\000i\000o\000n\000a\000l\000e}{section.2.5}% 13
\BOOKMARK [0][-]{chapter.3}{\376\377\000C\000a\000p\000i\000t\000o\000l\000u\000l\000\040\000S\000t\000u\000d\000i\000u\000\040\000b\000i\000b\000l\000i\000o\000g\000r\000a\000f\000i\000c}{}% 14
\BOOKMARK [1][-]{section.3.1}{\376\377\000I\000n\000s\000t\000r\000u\000m\000e\000n\000t\000e\000\040\000d\000e\000\040\000a\000d\000n\000o\000t\000a\000r\000e\000\040\000s\000e\000m\000a\000n\000t\000i\000c\001\003}{chapter.3}% 15
\BOOKMARK [1][-]{section.3.2}{\376\377\000S\000e\000t\000u\000r\000i\000\040\000d\000e\000\040\000d\000a\000t\000e\000\040\002\031\000i\000\040\000b\000e\000n\000c\000h\000m\000a\000r\000k\000-\000u\000r\000i}{chapter.3}% 16
\BOOKMARK [1][-]{section.3.3}{\376\377\000A\000r\000h\000i\000t\000e\000c\000t\000u\000r\000i\000\040\000d\000e\000\040\000s\000e\000g\000m\000e\000n\000t\000a\000r\000e}{chapter.3}% 17
\BOOKMARK [1][-]{section.3.4}{\376\377\000M\000o\000d\000e\000l\000e\000\040\000v\000i\000z\000u\000a\000l\000-\000l\000i\000n\000g\000v\000i\000s\000t\000i\000c\000e}{chapter.3}% 18
\BOOKMARK [1][-]{section.3.5}{\376\377\000T\000e\000h\000n\000i\000c\000i\000\040\000d\000e\000\040\000a\000d\000n\000o\000t\000a\000r\000e\000\040\000a\000s\000i\000s\000t\000a\000t\001\003}{chapter.3}% 19
\BOOKMARK [1][-]{section.3.6}{\376\377\000E\000v\000o\000l\000u\002\033\000i\000a\000\040\000p\000a\000t\000t\000e\000r\000n\000-\000u\000r\000i\000l\000o\000r\000\040\000U\000I\000\040\000\050\000U\000s\000e\000r\000\040\000I\000n\000t\000e\000r\000f\000a\000c\000e\000\051\000/\000U\000X\000\040\000\050\000U\000s\000e\000r\000\040\000E\000x\000p\000e\000r\000i\000e\000n\000c\000e\000\051\000\040\000\356\000n\000\040\000a\000d\000n\000o\000t\000a\000r\000e}{chapter.3}% 20
\BOOKMARK [1][-]{section.3.7}{\376\377\000S\000i\000n\000c\000r\000o\000n\000i\000z\000a\000r\000e\000\040\000c\000o\000l\000a\000b\000o\000r\000a\000t\000i\000v\001\003}{chapter.3}% 21
\BOOKMARK [1][-]{section.3.8}{\376\377\000C\000a\000l\000i\000t\000a\000t\000e\000a\000\040\000d\000a\000t\000e\000l\000o\000r\000\040\002\031\000i\000\040\000t\000r\000a\000s\000a\000b\000i\000l\000i\000t\000a\000t\000e}{chapter.3}% 22
\BOOKMARK [1][-]{section.3.9}{\376\377\000S\000c\000a\000l\000a\000b\000i\000l\000i\000t\000a\000t\000e\000\040\002\031\000i\000\040\000c\000o\000n\000f\000i\000d\000e\000n\002\033\000i\000a\000l\000i\000t\000a\000t\000e}{chapter.3}% 23
\BOOKMARK [0][-]{chapter.4}{\376\377\000C\000a\000p\000i\000t\000o\000l\000u\000l\000\040\000A\000n\000a\000l\000i\000z\001\003\000\040\002\031\000i\000\040\000f\000u\000n\000d\000a\000m\000e\000n\000t\000a\000r\000e\000\040\000t\000e\000o\000r\000e\000t\000i\000c\001\003}{}% 24
\BOOKMARK [1][-]{section.4.1}{\376\377\000M\000o\000d\000e\000l\000u\000l\000\040\000c\000o\000n\000c\000e\000p\000t\000u\000a\000l\000\040\000a\000l\000\040\000s\000o\000l\000u\002\033\000i\000e\000i}{chapter.4}% 25
\BOOKMARK [1][-]{section.4.2}{\376\377\000A\000l\000g\000o\000r\000i\000t\000m\000i\000\040\000u\000t\000i\000l\000i\000z\000a\002\033\000i}{chapter.4}% 26
\BOOKMARK [2][-]{subsection.4.2.1}{\376\377\000A\000l\000g\000o\000r\000i\000t\000m\000u\000l\000\040\000A\000u\000t\000o\000S\000e\000g}{section.4.2}% 27
\BOOKMARK [2][-]{subsection.4.2.2}{\376\377\000A\000l\000g\000o\000r\000i\000t\000m\000u\000l\000\040\000A\000u\000t\000o\000M\000a\000s\000k}{section.4.2}% 28
\BOOKMARK [2][-]{subsection.4.2.3}{\376\377\000A\000l\000g\000o\000r\000i\000t\000m\000u\000l\000\040\000d\000e\000\040\000a\000s\000i\000s\000t\000e\000n\002\033\001\003\000\040\000L\000L\000M}{section.4.2}% 29
\BOOKMARK [2][-]{subsection.4.2.4}{\376\377\000A\000l\000g\000o\000r\000i\000t\000m\000u\000l\000\040\000d\000e\000\040\000s\000i\000n\000c\000r\000o\000n\000i\000z\000a\000r\000e\000\040\000c\000o\000l\000a\000b\000o\000r\000a\000t\000i\000v\001\003}{section.4.2}% 30
\BOOKMARK [1][-]{section.4.3}{\376\377\000M\000o\000d\000e\000l\000e\000\040\000d\000e\000\040\000i\000n\000t\000e\000l\000i\000g\000e\000n\002\033\001\003\000\040\000a\000r\000t\000i\000f\000i\000c\000i\000a\000l\001\003\000\040\000f\000o\000l\000o\000s\000i\000t\000e}{chapter.4}% 31
\BOOKMARK [2][-]{subsection.4.3.1}{\376\377\000Y\000O\000L\000O\000\040\000p\000e\000n\000t\000r\000u\000\040\000A\000u\000t\000o\000S\000e\000g}{section.4.3}% 32
\BOOKMARK [2][-]{subsection.4.3.2}{\376\377\000M\000a\000s\000k\0002\000F\000o\000r\000m\000e\000r\000\040\000p\000e\000n\000t\000r\000u\000\040\000A\000u\000t\000o\000M\000a\000s\000k}{section.4.3}% 33
\BOOKMARK [2][-]{subsection.4.3.3}{\376\377\000M\000o\000d\000e\000l\000e\000\040\000l\000i\000n\000g\000v\000i\000s\000t\000i\000c\000e\000\040\000b\000a\000z\000a\000t\000e\000\040\000p\000e\000\040\000T\000r\000a\000n\000s\000f\000o\000r\000m\000e\000r}{section.4.3}% 34
\BOOKMARK [1][-]{section.4.4}{\376\377\000P\000r\000o\000t\000o\000c\000o\000a\000l\000e\000\040\000u\000t\000i\000l\000i\000z\000a\000t\000e}{chapter.4}% 35
\BOOKMARK [2][-]{subsection.4.4.1}{\376\377\000H\000T\000T\000P\000/\000R\000E\000S\000T}{section.4.4}% 36
\BOOKMARK [2][-]{subsection.4.4.2}{\376\377\000W\000e\000b\000S\000o\000c\000k\000e\000t\000\040\002\031\000i\000\040\000S\000T\000O\000M\000P}{section.4.4}% 37
\BOOKMARK [2][-]{subsection.4.4.3}{\376\377\000S\000o\000c\000k\000J\000S\000\040\000c\000a\000\040\000f\000a\000l\000l\000b\000a\000c\000k}{section.4.4}% 38
\BOOKMARK [2][-]{subsection.4.4.4}{\376\377\000A\000M\000Q\000P\000\040\002\031\000i\000\040\000R\000a\000b\000b\000i\000t\000M\000Q}{section.4.4}% 39
\BOOKMARK [1][-]{section.4.5}{\376\377\000F\000r\000a\000m\000e\000w\000o\000r\000k\000u\000r\000i\000\040\002\031\000i\000\040\000p\000l\000a\000t\000f\000o\000r\000m\000e}{chapter.4}% 40
\BOOKMARK [2][-]{subsection.4.5.1}{\376\377\000Q\000t\000\040\002\031\000i\000\040\000P\000y\000Q\000t\0006\000\040\000p\000e\000n\000t\000r\000u\000\040\000c\000l\000i\000e\000n\000t\000u\000l\000\040\000d\000e\000s\000k\000t\000o\000p}{section.4.5}% 41
\BOOKMARK [2][-]{subsection.4.5.2}{\376\377\000P\000y\000T\000o\000r\000c\000h\000\040\000p\000e\000n\000t\000r\000u\000\040\000m\000o\000d\000e\000l\000e\000l\000e\000\040\000e\000x\000t\000e\000r\000n\000e}{section.4.5}% 42
\BOOKMARK [2][-]{subsection.4.5.3}{\376\377\000J\000a\000v\000a\000\040\002\031\000i\000\040\000S\000p\000r\000i\000n\000g\000\040\000B\000o\000o\000t\000\040\000p\000e\000n\000t\000r\000u\000\040\000s\000e\000r\000v\000i\000c\000i\000i\000l\000e\000\040\000b\000a\000c\000k\000e\000n\000d}{section.4.5}% 43
\BOOKMARK [2][-]{subsection.4.5.4}{\376\377\000D\000o\000c\000k\000e\000r\000\040\002\031\000i\000\040\000o\000r\000c\000h\000e\000s\000t\000r\000a\000r\000e\000a\000\040\000s\000e\000r\000v\000i\000c\000i\000i\000l\000o\000r}{section.4.5}% 44
\BOOKMARK [1][-]{section.4.6}{\376\377\000M\000o\000d\000e\000l\000e\000\040\000a\000b\000s\000t\000r\000a\000c\000t\000e}{chapter.4}% 45
\BOOKMARK [2][-]{subsection.4.6.1}{\376\377\000M\000o\000d\000e\000l\000u\000l\000\040\000d\000e\000\040\000a\000c\000c\000e\000s}{section.4.6}% 46
\BOOKMARK [2][-]{subsection.4.6.2}{\376\377\000M\000o\000d\000e\000l\000u\000l\000\040\000d\000e\000\040\000c\000o\000l\000a\000b\000o\000r\000a\000r\000e}{section.4.6}% 47
\BOOKMARK [2][-]{subsection.4.6.3}{\376\377\000M\000o\000d\000e\000l\000u\000l\000\040\000d\000e\000\040\000a\000d\000n\000o\000t\000a\000r\000e}{section.4.6}% 48
\BOOKMARK [2][-]{subsection.4.6.4}{\376\377\000M\000o\000d\000e\000l\000u\000l\000\040\000d\000e\000\040\000s\000t\000o\000c\000a\000r\000e}{section.4.6}% 49
\BOOKMARK [1][-]{section.4.7}{\376\377\000S\000t\000r\000u\000c\000t\000u\000r\000a\000\040\000l\000o\000g\000i\000c\001\003\000\040\002\031\000i\000\040\000f\000u\000n\000c\002\033\000i\000o\000n\000a\000l\001\003\000\040\000a\000\040\000a\000p\000l\000i\000c\000a\002\033\000i\000e\000i}{chapter.4}% 50
\BOOKMARK [2][-]{subsection.4.7.1}{\376\377\000C\000l\000i\000e\000n\000t\000u\000l\000\040\000d\000e\000s\000k\000t\000o\000p}{section.4.7}% 51
\BOOKMARK [2][-]{subsection.4.7.2}{\376\377\000W\000o\000r\000k\000e\000r\000-\000e\000l\000e\000\040\000l\000o\000c\000a\000l\000e}{section.4.7}% 52
\BOOKMARK [2][-]{subsection.4.7.3}{\376\377\000S\000e\000r\000v\000i\000c\000i\000i\000l\000e\000\040\000b\000a\000c\000k\000e\000n\000d}{section.4.7}% 53
\BOOKMARK [2][-]{subsection.4.7.4}{\376\377\000P\000e\000r\000s\000i\000s\000t\000e\000n\002\033\001\003\000\040\002\031\000i\000\040\000e\000x\000p\000o\000r\000t}{section.4.7}% 54
\BOOKMARK [2][-]{subsection.4.7.5}{\376\377\000F\000l\000u\000x\000\040\000f\000u\000n\000c\002\033\000i\000o\000n\000a\000l\000\040\000c\000o\000m\000p\000l\000e\000t}{section.4.7}% 55
\BOOKMARK [1][-]{section.4.8}{\376\377\000J\000u\000s\000t\000i\000f\000i\000c\000a\000r\000e\000a\000\040\000i\000n\000t\000e\000g\000r\001\003\000r\000i\000i\000\040\000m\000o\000d\000e\000l\000e\000l\000o\000r}{chapter.4}% 56
\BOOKMARK [0][-]{chapter.5}{\376\377\000C\000a\000p\000i\000t\000o\000l\000u\000l\000\040\000P\000r\000o\000i\000e\000c\000t\000a\000r\000e\000\040\000d\000e\000\040\000d\000e\000t\000a\000l\000i\000u\000\040\002\031\000i\000\040\000i\000m\000p\000l\000e\000m\000e\000n\000t\000a\000r\000e}{}% 57
\BOOKMARK [1][-]{section.5.1}{\376\377\000A\000r\000h\000i\000t\000e\000c\000t\000u\000r\000a\000\040\000g\000e\000n\000e\000r\000a\000l\001\003\000\040\000a\000\040\000s\000i\000s\000t\000e\000m\000u\000l\000u\000i}{chapter.5}% 58
\BOOKMARK [1][-]{section.5.2}{\376\377\000S\000t\000r\000u\000c\000t\000u\000r\000a\000\040\000c\000l\000i\000e\000n\000t\000u\000l\000u\000i\000\040\000d\000e\000s\000k\000t\000o\000p\000\040\000P\000y\000Q\000t}{chapter.5}% 59
\BOOKMARK [2][-]{subsection.5.2.1}{\376\377\000R\000o\000l\000u\000l\000\040\000c\000l\000i\000e\000n\000t\000u\000l\000u\000i\000\040\000d\000e\000s\000k\000t\000o\000p\000\040\000\356\000n\000\040\000s\000i\000s\000t\000e\000m}{section.5.2}% 60
\BOOKMARK [2][-]{subsection.5.2.2}{\376\377\000M\000a\000i\000n\000W\000i\000n\000d\000o\000w\000\040\000c\000a\000\040\000o\000r\000c\000h\000e\000s\000t\000r\000a\000t\000o\000r\000\040\000a\000l\000\040\000a\000p\000l\000i\000c\000a\002\033\000i\000e\000i}{section.5.2}% 61
\BOOKMARK [2][-]{subsection.5.2.3}{\376\377\000P\000a\000n\000o\000u\000r\000i\000l\000e\000\040\000a\000p\000l\000i\000c\000a\002\033\000i\000e\000i}{section.5.2}% 62
\BOOKMARK [2][-]{subsection.5.2.4}{\376\377\000C\000a\000n\000v\000a\000s\000u\000l\000\040\000d\000e\000\040\000a\000d\000n\000o\000t\000a\000r\000e}{section.5.2}% 63
\BOOKMARK [2][-]{subsection.5.2.5}{\376\377\000O\000b\000i\000e\000c\000t\000e\000l\000e\000\040\000g\000r\000a\000f\000i\000c\000e\000\040\000d\000e\000\040\000a\000d\000n\000o\000t\000a\000r\000e}{section.5.2}% 64
\BOOKMARK [2][-]{subsection.5.2.6}{\376\377\000I\000n\000t\000e\000g\000r\000a\000r\000e\000a\000\040\000A\000u\000t\000o\000S\000e\000g\000\040\000Y\000O\000L\000O\000\040\002\031\000i\000\040\000A\000u\000t\000o\000M\000a\000s\000k\000\040\000\356\000n\000\040\000c\000l\000i\000e\000n\000t}{section.5.2}% 65
\BOOKMARK [2][-]{subsection.5.2.7}{\376\377\000W\000o\000r\000k\000e\000r\000-\000e\000\040\002\031\000i\000\040\000p\000r\000o\000c\000e\000s\000e\000\040\000e\000x\000t\000e\000r\000n\000e}{section.5.2}% 66
\BOOKMARK [2][-]{subsection.5.2.8}{\376\377\000F\000e\000r\000e\000s\000t\000r\000e\000\040\000a\000u\000x\000i\000l\000i\000a\000r\000e\000:\000\040\000c\000h\000a\000t\000,\000\040\000c\000o\000l\000a\000b\000o\000r\000a\000r\000e\000\040\002\031\000i\000\040\000c\000h\000a\000t\000b\000o\000t\000\040\000l\000o\000c\000a\000l}{section.5.2}% 67
\BOOKMARK [2][-]{subsection.5.2.9}{\376\377\000G\000e\000s\000t\000i\000o\000n\000a\000r\000e\000a\000\040\000s\000t\001\003\000r\000i\000i\000\040\000l\000o\000c\000a\000l\000e}{section.5.2}% 68
\BOOKMARK [1][-]{section.5.3}{\376\377\000A\000u\000t\000e\000n\000t\000i\000f\000i\000c\000a\000r\000e\000\040\002\031\000i\000\040\000m\000o\000d\000e\000l\000\040\000d\000e\000\040\000a\000c\000c\000e\000s}{chapter.5}% 69
\BOOKMARK [1][-]{section.5.4}{\376\377\000C\000h\000a\000t\000\040\000\356\000n\000\040\000t\000i\000m\000p\000\040\000r\000e\000a\000l\000\040\002\031\000i\000\040\000p\000r\000e\000z\000e\000n\002\033\001\003}{chapter.5}% 70
\BOOKMARK [1][-]{section.5.5}{\376\377\000C\000o\000l\000a\000b\000o\000r\000a\000r\000e\000a\000\040\000p\000e\000\040\000a\000d\000n\000o\000t\001\003\000r\000i}{chapter.5}% 71
\BOOKMARK [2][-]{subsection.5.5.1}{\376\377\000T\000r\000i\000m\000i\000t\000e\000r\000e\000a\000\040\000a\000d\000n\000o\000t\001\003\000r\000i\000l\000o\000r\000\040\000m\000a\000r\000i\000\040\000\356\000n\000\040\000m\000a\000i\000\040\000m\000u\000l\000t\000e\000\040\000p\000a\000c\000h\000e\000t\000e}{section.5.5}% 72
\BOOKMARK [1][-]{section.5.6}{\376\377\000S\000e\000r\000v\000i\000c\000i\000i\000l\000e\000\040\000b\000a\000c\000k\000e\000n\000d\000\040\002\031\000i\000\040\000i\000n\000f\000r\000a\000s\000t\000r\000u\000c\000t\000u\000r\000a\000\040\000D\000o\000c\000k\000e\000r}{chapter.5}% 73
\BOOKMARK [1][-]{section.5.7}{\376\377\000P\000e\000r\000s\000i\000s\000t\000e\000n\002\033\000a\000\040\002\031\000i\000\040\000s\000t\000r\000u\000c\000t\000u\000r\000a\000\040\000d\000a\000t\000e\000l\000o\000r}{chapter.5}% 74
\BOOKMARK [1][-]{section.5.8}{\376\377\000R\000u\000l\000a\000r\000e\000\040\002\031\000i\000\040\000i\000n\000t\000e\000g\000r\000a\000r\000e\000a\000\040\000c\000o\000m\000p\000o\000n\000e\000n\000t\000e\000l\000o\000r}{chapter.5}% 75
\BOOKMARK [0][-]{chapter.6}{\376\377\000C\000a\000p\000i\000t\000o\000l\000u\000l\000\040\000T\000e\000s\000t\000a\000r\000e\000\040\002\031\000i\000\040\000v\000a\000l\000i\000d\000a\000r\000e}{}% 76
\BOOKMARK [1][-]{section.6.1}{\376\377\000O\000b\000i\000e\000c\000t\000i\000v\000e\000l\000e\000\040\000t\000e\000s\000t\001\003\000r\000i\000i\000\040\002\031\000i\000\040\000m\000e\000t\000o\000d\000o\000l\000o\000g\000i\000a}{chapter.6}% 77
\BOOKMARK [1][-]{section.6.2}{\376\377\000M\000e\000d\000i\000u\000l\000\040\000d\000e\000\040\000t\000e\000s\000t\000a\000r\000e}{chapter.6}% 78
\BOOKMARK [1][-]{section.6.3}{\376\377\000T\000e\000s\000t\000a\000r\000e\000a\000\040\000c\000l\000i\000e\000n\000t\000u\000l\000u\000i\000\040\000d\000e\000s\000k\000t\000o\000p}{chapter.6}% 79
\BOOKMARK [1][-]{section.6.4}{\376\377\000T\000e\000s\000t\000a\000r\000e\000a\000\040\000f\000l\000u\000x\000u\000r\000i\000l\000o\000r\000\040\000A\000u\000t\000o\000S\000e\000g\000\040\002\031\000i\000\040\000A\000u\000t\000o\000M\000a\000s\000k}{chapter.6}% 80
\BOOKMARK [1][-]{section.6.5}{\376\377\000T\000e\000s\000t\000a\000r\000e\000a\000\040\000b\000a\000c\000k\000e\000n\000d\000-\000u\000l\000u\000i}{chapter.6}% 81
\BOOKMARK [1][-]{section.6.6}{\376\377\000C\000o\000n\000t\000r\000i\000b\000u\002\033\000i\000i\000\040\002\031\000i\000\040\000c\000o\000m\000p\000a\000r\000a\000r\000e\000a\000\040\000c\000u\000\040\000a\000l\000t\000e\000\040\000i\000n\000s\000t\000r\000u\000m\000e\000n\000t\000e\000\040\000d\000e\000\040\000a\000d\000n\000o\000t\000a\000r\000e}{chapter.6}% 82
\BOOKMARK [0][-]{chapter.7}{\376\377\000C\000a\000p\000i\000t\000o\000l\000u\000l\000\040\000M\000a\000n\000u\000a\000l\000\040\000d\000e\000\040\000i\000n\000s\000t\000a\000l\000a\000r\000e\000\040\002\031\000i\000\040\000u\000t\000i\000l\000i\000z\000a\000r\000e}{}% 83
\BOOKMARK [1][-]{section.7.1}{\376\377\000C\000e\000r\000i\000n\002\033\000e\000\040\000h\000a\000r\000d\000w\000a\000r\000e}{chapter.7}% 84
\BOOKMARK [1][-]{section.7.2}{\376\377\000C\000e\000r\000i\000n\002\033\000e\000\040\000s\000o\000f\000t\000w\000a\000r\000e}{chapter.7}% 85
\BOOKMARK [1][-]{section.7.3}{\376\377\000I\000n\000s\000t\000a\000l\000a\000r\000e\000a\000\040\000a\000p\000l\000i\000c\000a\002\033\000i\000e\000i\000\040\000d\000i\000n\000\040\000e\000x\000e\000c\000u\000t\000a\000b\000i\000l}{chapter.7}% 86
\BOOKMARK [1][-]{section.7.4}{\376\377\000\316\000m\000p\000a\000c\000h\000e\000t\000a\000r\000e\000a\000\040\000m\000o\000d\000e\000l\000e\000l\000o\000r\000\040\000e\000x\000t\000e\000r\000n\000e}{chapter.7}% 87
\BOOKMARK [1][-]{section.7.5}{\376\377\000I\000n\000s\000t\000a\000l\000a\000r\000e\000a\000\040\000d\000i\000n\000\040\000s\000u\000r\000s\000e}{chapter.7}% 88
\BOOKMARK [1][-]{section.7.6}{\376\377\000P\000o\000r\000n\000i\000r\000e\000a\000\040\000b\000a\000c\000k\000e\000n\000d\000-\000u\000l\000u\000i\000\040\000c\000o\000l\000a\000b\000o\000r\000a\000t\000i\000v}{chapter.7}% 89
\BOOKMARK [1][-]{section.7.7}{\376\377\000U\000t\000i\000l\000i\000z\000a\000r\000e\000a\000\040\000a\000p\000l\000i\000c\000a\002\033\000i\000e\000i}{chapter.7}% 90
\BOOKMARK [1][-]{section.7.8}{\376\377\000P\000r\000o\000b\000l\000e\000m\000e\000\040\000f\000r\000e\000c\000v\000e\000n\000t\000e}{chapter.7}% 91
\BOOKMARK [0][-]{chapter.8}{\376\377\000C\000a\000p\000i\000t\000o\000l\000u\000l\000\040\000C\000o\000n\000c\000l\000u\000z\000i\000i}{}% 92
\BOOKMARK [0][-]{chapter*.2}{\376\377\000B\000i\000b\000l\000i\000o\000g\000r\000a\000f\000i\000e}{}% 93
\BOOKMARK [0][-]{chapter.A}{\376\377\000A\000n\000e\000x\000a\000\040\000S\000u\000r\000s\000e\000l\000e\000\040\002\031\000i\000\040\000p\000r\000o\000v\000e\000n\000i\000e\000n\002\033\000a\000\040\000f\000i\000g\000u\000r\000i\000l\000o\000r}{}% 94
\BOOKMARK [0][-]{chapter.B}{\376\377\000A\000n\000e\000x\000a\000\040\000I\000n\000d\000e\000x\000u\000l\000\040\000t\000a\000b\000e\000l\000e\000l\000o\000r}{}% 95
